// Jest Snapshot v1, https://goo.gl/fbAQLP

exports[`TestTitle it renders the component 1`] = `
"<div class=\\"container\\">
  <h1>Este es un titulo: </h1>
  <subtitle-stub subtitle=\\"SUBTITLE SUCCESS\\"></subtitle-stub>
  <p>
    Ullamco duis aute ut aute. Pariatur et magna aliqua culpa aute Lorem id
    non velit sit culpa consequat. Ullamco non pariatur cillum sunt excepteur
    eiusmod nisi et ipsum dolore non qui officia.
  </p>
</div>"
`;
